ELLIPTIC_RANK_BEGIN
MAGMA_VERSION 2 28 9
CURVE_BEGIN cubic
INPUT_AINVARIANTS [ 0, 0, 0, 0, 8 ]
POINT_P (1 : 3 : 1)
POINT_2P (-7/4 : -13/8 : 1)
DOUBLE_X_DENOMINATOR 4
NAGELL_LUTZ_LOWER_BOUND 1
MINIMAL_AINVARIANTS [ 0, 0, 0, 0, 8 ]
MINIMAL_ISOMORPHISM [
    $.1,
    $.2,
    $.3
]
MINIMAL_POINT_P (1 : 3 : 1)
DISCRIMINANT -27648
MINIMAL_DISCRIMINANT -27648
CONDUCTOR 576
J_INVARIANT 0
LOCAL_INFORMATION [ <2, 10, 6, 2, I0*, true>, <3, 3, 2, 2, III, true> ]
TORSION_INVARIANTS [ 2 ]
TORSION_POINTS [ (0 : 1 : 0), (-2 : 0 : 1) ]
POINT_ORDER_ZERO_MEANS_INFINITE 0
DESCENT_TWO_TORSION_POINT (-2 : 0 : 1)
a = -6
b = 12
S = [ -1, 2, 3 ]
  /---------------------------------------------------\
  |   SUMMARY TABLE      Step No :  6  5  4  3  2  1  |
  |---------------------------------------------------|
  |  dim_2 ( E'(Q)/phi E(Q) )   <=                 2  |
  |  dim_2 ( E(Q)/phi'E'(Q) )   <=                 1  |
  |     Therefore rank E(Q) <= 1                      |
  \---------------------------------------------------/
TWO_ISOGENY_UPPER_BOUND 1
ISOGENY_SELMER_DIMENSIONS [ 2 ]
DUAL_ISOGENY_SELMER_DIMENSIONS [ 1 ]
CERTIFIED_ALGEBRAIC_RANK_BOUNDS 1 1
CREMONA_REFERENCE_MODEL_ONLY 576a1
CURVE_END cubic
CURVE_BEGIN quintic_isogeny_representative
INPUT_AINVARIANTS [ 0, 0, 0, 100, 0 ]
POINT_P (5 : 25 : 1)
POINT_2P (9/4 : -123/8 : 1)
DOUBLE_X_DENOMINATOR 4
NAGELL_LUTZ_LOWER_BOUND 1
MINIMAL_AINVARIANTS [ 0, 0, 0, 100, 0 ]
MINIMAL_ISOMORPHISM [
    x,
    y,
    z
]
MINIMAL_POINT_P (5 : 25 : 1)
DISCRIMINANT -64000000
MINIMAL_DISCRIMINANT -64000000
CONDUCTOR 800
J_INVARIANT 1728
LOCAL_INFORMATION [ <2, 12, 5, 2, I3*, true>, <5, 6, 2, 4, I0*, true> ]
TORSION_INVARIANTS [ 2 ]
TORSION_POINTS [ (0 : 1 : 0), (0 : 0 : 1) ]
POINT_ORDER_ZERO_MEANS_INFINITE 0
DESCENT_TWO_TORSION_POINT (0 : 0 : 1)
a = 0
b = 100
S = [ -1, 2, 5 ]
  /---------------------------------------------------\
  |   SUMMARY TABLE      Step No :  6  5  4  3  2  1  |
  |---------------------------------------------------|
  |  dim_2 ( E'(Q)/phi E(Q) )   <=                 2  |
  |  dim_2 ( E(Q)/phi'E'(Q) )   <=                 1  |
  |     Therefore rank E(Q) <= 1                      |
  \---------------------------------------------------/
TWO_ISOGENY_UPPER_BOUND 1
ISOGENY_SELMER_DIMENSIONS [ 2 ]
DUAL_ISOGENY_SELMER_DIMENSIONS [ 1 ]
CERTIFIED_ALGEBRAIC_RANK_BOUNDS 1 1
CREMONA_REFERENCE_MODEL_ONLY 800a4
CURVE_END quintic_isogeny_representative
ELLIPTIC_RANK_COMPLETE
