COMMON_LEVEL 40
SOURCE_GENERATORS [
    [ 23, 36, 4, 7 ],
    [ 25, 24, 38, 35 ],
    [ 33, 4, 32, 33 ],
    [ 39, 12, 26, 21 ],
    [ 39, 36, 8, 3 ]
]
TARGET_GENERATORS [
    [ 7, 16, 30, 37 ],
    [ 17, 16, 0, 37 ],
    [ 23, 20, 4, 39 ],
    [ 25, 4, 34, 11 ],
    [ 25, 12, 8, 25 ]
]
INCLUSION_CONJUGATOR [ 1, 0, 0, 1 ]
GL2_ORDER_SOURCE_TARGET 1536 7680
SL2_ORDER_SOURCE_TARGET 96 480
GL2_INDEX_SOURCE_TARGET 480 96
SL2_INDEX_SOURCE_TARGET 480 96
PROJECTIVE_SL2_ORDERS 48 240
COARSE_GEOMETRIC_DEGREE 5
FULL_DETERMINANT_AND_MINUS_I true
EXACT_GL2_LEVELS 40 40
EXACT_SL2_LEVELS 40 8
MOD5_ORDERS_G_H_GSL_HSL 480 96 120 24
INVERSE_IMAGE_EQUALITY true
MOD5_TO_5_5_0_A_1_CONJUGATOR [ 0, 1, 1, 2 ]
ARITHMETIC_FIVE_LETTER_IMAGE Symmetric group arithmetic acting on a set of 
cardinality 5
Order = 120 = 2^3 * 3 * 5
    (1, 2, 4, 5, 3)
    (1, 2, 4, 5, 3)
    (1, 2, 4, 3)
    (1, 3, 4, 2, 5)
    (1, 4)(2, 5)
GEOMETRIC_FIVE_LETTER_IMAGE Permutation group geometric acting on a set of 
cardinality 5
Order = 60 = 2^2 * 3 * 5
    (1, 2)(4, 5)
    (1, 2, 4, 5, 3)
    (1, 5, 4)
PROJECTIVE_MOD5_SUBGROUP_ORDER 24
GEOMETRIC_CYCLE_TYPE_AND_COUNT [ <1, 5> ]
1
GEOMETRIC_CYCLE_TYPE_AND_COUNT [ <2, 2>, <1, 1> ]
15
GEOMETRIC_CYCLE_TYPE_AND_COUNT [ <3, 1>, <1, 2> ]
20
GEOMETRIC_CYCLE_TYPE_AND_COUNT [ <5, 1> ]
24
SOURCE_INDEX_E2_E3_WIDTHS_GENUS <480, 0, 0, [ 20, 20, 20, 20, 20, 20, 20, 20, 
40, 40, 40, 40, 40, 40, 40, 40 ], 33>
TARGET_INDEX_E2_E3_WIDTHS_GENUS <96, 0, 0, [ 4, 4, 4, 4, 4, 4, 4, 4, 8, 8, 8, 8,
8, 8, 8, 8 ], 1>
GEOMETRICALLY_CONNECTED_SOURCE_TARGET true true
DEFINED_OVER_Q_SOURCE_TARGET_MAP true true true
ALL_GROUP_CHECKS_PASSED
