J5 1024*t^5 + 1920*t^3 - 1600*t^2 + 420*t - 36
PARTITIONS_OVER_0_1728_INFINITY [ 1, 1, 3 ]
[ 1, 2, 2 ]
[ 5 ]
QUINTIC_DISCRIMINANT 3435973836800000*j^4 - 11874725579980800000*j^3 + 
    10259762901103411200000*j^2
DISCRIMINANT_SQUARECLASS 5
BASE_INDICES_OVER_0_1728_INFINITY [ 3, 3, 3, 3, 3, 3, 3, 3, 3, 3, 3, 3, 3, 3, 3,
3, 3, 3, 3, 3, 3, 3, 3, 3, 3, 3, 3, 3, 3, 3, 3, 3 ]
[ 2, 2, 2, 2, 2, 2, 2, 2, 2, 2, 2, 2, 2, 2, 2, 2, 2, 2, 2, 2, 2, 2, 2, 2, 2, 2, 
2, 2, 2, 2, 2, 2, 2, 2, 2, 2, 2, 2, 2, 2, 2, 2, 2, 2, 2, 2, 2, 2 ]
[ 4, 4, 4, 4, 4, 4, 4, 4, 8, 8, 8, 8, 8, 8, 8, 8 ]
NORMALIZED_DIFFERENT_DEGREE 64
ODD_DISCRIMINANT_SUPPORT_EMPTY true
NORMALIZED_SOURCE_GENUS 33
TWO_SUBSET_FIVE_CYCLE_PARTITION [ 5, 5 ]
RESOLVENT_GEOMETRICALLY_CONNECTED true
RESOLVENT_DIFFERENT_DEGREE 128
RESOLVENT_GENUS 65
ISOGENY_CLASS_REPRESENTATIVE [ 0, 0, 0, 100, 0 ]
RATIONAL_POINT (5 : 25 : 1)
DOUBLE_POINT (9/4 : -123/8 : 1)
NONTORSION_BY_LUTZ_NAGELL true
ALL_RAMIFICATION_CHECKS_PASSED
